###############################################################################
#
# IAR ELF Linker V8.32.3.193/W32 for ARM                  22/Jul/2019  19:31:45
# Copyright 2007-2019 IAR Systems AB.
#
#    Output file  =  
#        F:\MY
#        DESKTOP\gitdemo\NXP_Kinetis_k66\MK66FX\Project\iar\Debug\Exe\Kinetis_k66.out
#    Map file     =  
#        F:\MY
#        DESKTOP\gitdemo\NXP_Kinetis_k66\MK66FX\Project\iar\Debug\List\Kinetis_k66.map
#    Command line =  
#        -f C:\Users\solawc\AppData\Local\Temp\EW857A.tmp ("F:\MY
#        DESKTOP\gitdemo\NXP_Kinetis_k66\MK66FX\Project\iar\Debug\Obj\main.o"
#        "F:\MY
#        DESKTOP\gitdemo\NXP_Kinetis_k66\MK66FX\Project\iar\Debug\Obj\startup_MK66F18.o"
#        "F:\MY
#        DESKTOP\gitdemo\NXP_Kinetis_k66\MK66FX\Project\iar\Debug\Obj\system_MK66F18.o"
#        --no_out_extension -o "F:\MY
#        DESKTOP\gitdemo\NXP_Kinetis_k66\MK66FX\Project\iar\Debug\Exe\Kinetis_k66.out"
#        --map "F:\MY
#        DESKTOP\gitdemo\NXP_Kinetis_k66\MK66FX\Project\iar\Debug\List\Kinetis_k66.map"
#        --config "D:\Program Files (x86)\IAR Systems\Embedded Workbench
#        8.2\arm\config\linker\NXP\MK66xX1M_18.icf" --semihosting --entry
#        __iar_program_start --vfe --text_out locale)
#
###############################################################################

*******************************************************************************
*** RUNTIME MODEL ATTRIBUTES
***

CppFlavor       = *
__SystemLibrary = DLib
__dlib_version  = 6


*******************************************************************************
*** HEAP SELECTION
***

The basic heap was selected because no calls to memory allocation
functions were found in the application outside of system library
functions, and there are calls to deallocation functions in the
application.


*******************************************************************************
*** PLACEMENT SUMMARY
***

"A0":  place at 0x0 { ro section .intvec };
"P1":  place in [from 0x400 to 0x40f] { section FlashConfig };
"P2":  place in [from 0x0 to 0x3ff] |
                [from 0x410 to 0xf'ffff] |
                [from 0x1000'0000 to 0x1003'ffff] { ro };
define block CSTACK with size = 8K, alignment = 8 { };
define block HEAP with size = 16K, alignment = 8 { };
"P3":  place in [from 0x1fff'0000 to 0x1fff'ffff] |
                [from 0x2000'0000 to 0x2002'ffff] {
          rw, block CSTACK, block HEAP };

No sections matched the following patterns:

  rw                 in "P3"
  section .flex_ram  in "P4"


  Section      Kind         Address    Size  Object
  -------      ----         -------    ----  ------
"A0":                                 0x400
  .intvec      ro code          0x0   0x400  startup_MK66F18.o [1]
                            - 0x400   0x400

"P1":                                  0x10
  FlashConfig  ro code        0x400    0x10  startup_MK66F18.o [1]
                            - 0x410    0x10

"P2":                                 0x292
  .text        ro code        0x410    0x30  system_MK66F18.o [1]
  .text        ro code        0x440    0x28  startup_MK66F18.o [1]
  .text        ro code        0x468    0x22  fpinit_M.o [3]
  .text        ro code        0x48a     0x2  startup_MK66F18.o [1]
  .text        ro code        0x48c    0x1e  cmain.o [4]
  .text        ro code        0x4aa     0x4  low_level_init.o [2]
  .text        ro code        0x4ae     0x2  main.o [1]
  .text        ro code        0x4b0     0x4  exit.o [2]
  .text        ro code        0x4b4     0xa  cexit.o [4]
  .text        ro code        0x4be     0x2  startup_MK66F18.o [1]
  .text        ro code        0x4c0    0x14  exit.o [5]
  .text        ro code        0x4d4     0xc  cstartup_M.o [4]
  .text        ro code        0x4e0     0x8  startup_MK66F18.o [1]
  .text        ro code        0x4e8     0x8  startup_MK66F18.o [1]
  .text        ro code        0x4f0     0x8  startup_MK66F18.o [1]
  .text        ro code        0x4f8     0x8  startup_MK66F18.o [1]
  .text        ro code        0x500     0x8  startup_MK66F18.o [1]
  .text        ro code        0x508     0x8  startup_MK66F18.o [1]
  .text        ro code        0x510     0x8  startup_MK66F18.o [1]
  .text        ro code        0x518     0x8  startup_MK66F18.o [1]
  .text        ro code        0x520     0x8  startup_MK66F18.o [1]
  .text        ro code        0x528     0x8  startup_MK66F18.o [1]
  .text        ro code        0x530     0x8  startup_MK66F18.o [1]
  .text        ro code        0x538     0x8  startup_MK66F18.o [1]
  .text        ro code        0x540     0x8  startup_MK66F18.o [1]
  .text        ro code        0x548     0x8  startup_MK66F18.o [1]
  .text        ro code        0x550     0x8  startup_MK66F18.o [1]
  .text        ro code        0x558     0x8  startup_MK66F18.o [1]
  .text        ro code        0x560     0x8  startup_MK66F18.o [1]
  .text        ro code        0x568     0x8  startup_MK66F18.o [1]
  .text        ro code        0x570     0x8  startup_MK66F18.o [1]
  .text        ro code        0x578     0x8  startup_MK66F18.o [1]
  .text        ro code        0x580     0x8  startup_MK66F18.o [1]
  .text        ro code        0x588     0x8  startup_MK66F18.o [1]
  .text        ro code        0x590     0x8  startup_MK66F18.o [1]
  .text        ro code        0x598     0x8  startup_MK66F18.o [1]
  .text        ro code        0x5a0     0x8  startup_MK66F18.o [1]
  .text        ro code        0x5a8     0x8  startup_MK66F18.o [1]
  .text        ro code        0x5b0     0x8  startup_MK66F18.o [1]
  .text        ro code        0x5b8     0x8  startup_MK66F18.o [1]
  .text        ro code        0x5c0     0x8  startup_MK66F18.o [1]
  .text        ro code        0x5c8     0x8  startup_MK66F18.o [1]
  .text        ro code        0x5d0     0x8  startup_MK66F18.o [1]
  .text        ro code        0x5d8     0x8  startup_MK66F18.o [1]
  .text        ro code        0x5e0     0x8  startup_MK66F18.o [1]
  .text        ro code        0x5e8     0x8  startup_MK66F18.o [1]
  .text        ro code        0x5f0     0x8  startup_MK66F18.o [1]
  .text        ro code        0x5f8     0x8  startup_MK66F18.o [1]
  .text        ro code        0x600     0x8  startup_MK66F18.o [1]
  .text        ro code        0x608     0x8  startup_MK66F18.o [1]
  .text        ro code        0x610     0x8  startup_MK66F18.o [1]
  .text        ro code        0x618     0x8  startup_MK66F18.o [1]
  .text        ro code        0x620     0x8  startup_MK66F18.o [1]
  .text        ro code        0x628     0x8  startup_MK66F18.o [1]
  .text        ro code        0x630     0x8  startup_MK66F18.o [1]
  .text        ro code        0x638     0x8  startup_MK66F18.o [1]
  .text        ro code        0x640     0x8  startup_MK66F18.o [1]
  .text        ro code        0x648     0x8  startup_MK66F18.o [1]
  .text        ro code        0x650     0x8  startup_MK66F18.o [1]
  .text        ro code        0x658     0x8  startup_MK66F18.o [1]
  .text        ro code        0x660     0x8  startup_MK66F18.o [1]
  .text        ro code        0x668     0x8  startup_MK66F18.o [1]
  .text        ro code        0x670     0x8  startup_MK66F18.o [1]
  .text        ro code        0x678     0x8  startup_MK66F18.o [1]
  .text        ro code        0x680     0x8  startup_MK66F18.o [1]
  .text        ro code        0x688     0x8  startup_MK66F18.o [1]
  .text        ro code        0x690     0x4  startup_MK66F18.o [1]
  .text        ro code        0x694     0x2  startup_MK66F18.o [1]
  .text        ro code        0x696     0x2  startup_MK66F18.o [1]
  .text        ro code        0x698     0x2  startup_MK66F18.o [1]
  .text        ro code        0x69a     0x2  startup_MK66F18.o [1]
  .text        ro code        0x69c     0x2  startup_MK66F18.o [1]
  .text        ro code        0x69e     0x2  startup_MK66F18.o [1]
  .text        ro code        0x6a0     0x2  startup_MK66F18.o [1]
                            - 0x6a2   0x292

"P3":                                0x2000
  CSTACK                0x1fff'0000  0x2000  <Block>
    CSTACK     uninit   0x1fff'0000  0x2000  <Block tail>
                      - 0x1fff'2000  0x2000

Unused ranges:

         From           To      Size
         ----           --      ----
        0x6a2     0xf'ffff  0xf'f95e
  0x1000'0000  0x1003'ffff  0x4'0000
  0x1fff'2000  0x1fff'ffff    0xe000
  0x2000'0000  0x2002'ffff  0x3'0000



*******************************************************************************
*** MODULE SUMMARY
***

    Module             ro code  rw data
    ------             -------  -------
command line/config:
    -----------------------------------
    Total:

F:\MY DESKTOP\gitdemo\NXP_Kinetis_k66\MK66FX\Project\iar\Debug\Obj: [1]
    main.o                   2
    startup_MK66F18.o    1 534
    system_MK66F18.o        48
    -----------------------------------
    Total:               1 584

dl7M_tln.a: [2]
    exit.o                   4
    low_level_init.o         4
    -----------------------------------
    Total:                   8

m7M_tls.a: [3]
    fpinit_M.o              34
    -----------------------------------
    Total:                  34

rt7M_tl.a: [4]
    cexit.o                 10
    cmain.o                 30
    cstartup_M.o            12
    -----------------------------------
    Total:                  52

shb_l.a: [5]
    exit.o                  20
    -----------------------------------
    Total:                  20

    Linker created                8 192
---------------------------------------
    Grand Total:         1 698    8 192


*******************************************************************************
*** ENTRY LIST
***

Entry                     Address  Size  Type      Object
-----                     -------  ----  ----      ------
?main                       0x48d        Code  Gb  cmain.o [4]
CSTACK$$Base          0x1fff'0000         --   Gb  - Linker created -
CSTACK$$Limit         0x1fff'2000         --   Gb  - Linker created -
Region$$Table$$Base           0x0         --   Gb  - Linker created -
Region$$Table$$Limit          0x0         --   Gb  - Linker created -
SystemInit                  0x411  0x22  Code  Gb  system_MK66F18.o [1]
__Vectors                     0x1         --   Gb  startup_MK66F18.o [1]
__Vectors_End               0x401        Code  Gb  startup_MK66F18.o [1]
__Vectors_Size {Abs}        0x400         --   Gb  startup_MK66F18.o [1]
__cmain                     0x48d        Code  Gb  cmain.o [4]
__exit                      0x4c1  0x14  Code  Gb  exit.o [5]
__iar_init_vfp              0x469        Code  Gb  fpinit_M.o [3]
__iar_program_start         0x4d5        Code  Gb  cstartup_M.o [4]
__low_level_init            0x4ab   0x4  Code  Gb  low_level_init.o [2]
__vector_table                0x1        Code  Gb  startup_MK66F18.o [1]
_call_main                  0x499        Code  Gb  cmain.o [4]
_exit                       0x4b5        Code  Gb  cexit.o [4]
_main                       0x4a7        Code  Gb  cmain.o [4]
exit                        0x4b1   0x4  Code  Gb  exit.o [2]
main                        0x4af   0x2  Code  Gb  main.o [1]


[1] = F:\MY DESKTOP\gitdemo\NXP_Kinetis_k66\MK66FX\Project\iar\Debug\Obj
[2] = dl7M_tln.a
[3] = m7M_tls.a
[4] = rt7M_tl.a
[5] = shb_l.a

  1 698 bytes of readonly  code memory
  8 192 bytes of readwrite data memory

Errors: none
Warnings: none
